// Sample from Carbon PR 22509
// Original file: packages/react/src/components/DataTable/__tests__/__snapshots__/TableToolbarMenu-test.js.snap
// Status: modified
// Changes: +1/-1

@@ -15,7 +15,7 @@ exports[`TableToolbarMenu renders as expected - Component API should render 1`]
           aria-expanded="false"
           aria-haspopup="true"
           aria-labelledby="tooltip-_r_1_"
-          class="custom-class cds--toolbar-action cds--overflow-menu cds--overflow-menu cds--overflow-menu--md cds--btn cds--btn--md cds--layout--size-md cds--btn--ghost cds--btn--icon-only"
+          class="custom-class cds--toolbar-action cds--overflow-menu cds--overflow-menu cds--btn cds--btn--ghost cds--btn--icon-only"
           type="button"
         >
           <svg
